// Jest Snapshot v1, https://goo.gl/fbAQLP

exports[`matches snapshot 1`] = `
<div>
  <h1>
    Shows
  </h1>
  <form
    onSubmit={[Function]}
  >
    <input
      onChange={[Function]}
      placeholder="Search..."
      type="text"
      value=""
    />
    <button
      type="submit"
    >
      Search shows
    </button>
  </form>
</div>
`;
